
[TestNormal - 1]
ast.File{
    Name: "some",
    Body: {
        ast.TypeDeclaration{
            BaseDeclaration: ast.BaseDeclaration{
                LeadingComments: {
                    {Value:" hello\n"},
                },
                TrailingComments: {
                },
            },
            Id:   "Status",
            Kind: "int",
        },
        ast.ConstDeclaration{
            BaseDeclaration: ast.BaseDeclaration{},
            Declarators:     {
                {
                    BaseDeclaration: ast.BaseDeclaration{
                        LeadingComments: {
                            {Value:" 代办\n"},
                        },
                        TrailingComments: {
                            {Value:" 59todo\n"},
                        },
                    },
                    Kind:  "Status",
                    Id:    "Todo",
                    Value: "iota",
                },
                {
                    BaseDeclaration: ast.BaseDeclaration{
                        LeadingComments: {
                            {Value:" 已完成\n"},
                        },
                        TrailingComments: {
                        },
                    },
                    Kind:  "",
                    Id:    "Done",
                    Value: "",
                },
                {
                    BaseDeclaration: ast.BaseDeclaration{
                        LeadingComments: {
                        },
                        TrailingComments: {
                        },
                    },
                    Kind:  "",
                    Id:    "Pending",
                    Value: "",
                },
                {
                    BaseDeclaration: ast.BaseDeclaration{
                        LeadingComments: {
                        },
                        TrailingComments: {
                        },
                    },
                    Kind:  "",
                    Id:    "InProgress",
                    Value: "",
                },
            },
        },
        ast.TypeDeclaration{
            BaseDeclaration: ast.BaseDeclaration{
                LeadingComments: {
                },
                TrailingComments: {
                },
            },
            Id:   "Sex",
            Kind: "string",
        },
        ast.ConstDeclaration{
            BaseDeclaration: ast.BaseDeclaration{},
            Declarators:     {
                {
                    BaseDeclaration: ast.BaseDeclaration{
                        LeadingComments: {
                            {Value:" dsdas\n"},
                        },
                        TrailingComments: {
                        },
                    },
                    Kind:  "Sex",
                    Id:    "Female",
                    Value: "female",
                },
                {
                    BaseDeclaration: ast.BaseDeclaration{
                        LeadingComments: {
                        },
                        TrailingComments: {
                            {Value:"hhh\n"},
                        },
                    },
                    Kind:  "Sex",
                    Id:    "Male",
                    Value: "male",
                },
            },
        },
    },
}
---
