
[TestNormal - 1]
[]token.Token{
    {
        Value: "package",
        Type:  "Package",
        Start: {0, 6},
        End:   {0, 0},
    },
    {
        Value: "some",
        Type:  "Identifier",
        Start: {0, 11},
        End:   {0, 0},
    },
    {
        Value: "type",
        Type:  "Type",
        Start: {2, 3},
        End:   {0, 0},
    },
    {
        Value: "Status",
        Type:  "Identifier",
        Start: {2, 10},
        End:   {0, 0},
    },
    {
        Value: "int",
        Type:  "IntType",
        Start: {2, 14},
        End:   {0, 0},
    },
    {
        Value: "const",
        Type:  "Const",
        Start: {4, 5},
        End:   {0, 0},
    },
    {
        Value: "(",
        Type:  "LeftParentheses",
        Start: {4, 6},
        End:   {0, 0},
    },
    {
        Value: "Todo",
        Type:  "Identifier",
        Start: {5, 4},
        End:   {0, 0},
    },
    {
        Value: "Status",
        Type:  "Identifier",
        Start: {5, 11},
        End:   {0, 0},
    },
    {
        Value: "=",
        Type:  "Assignment",
        Start: {5, 13},
        End:   {0, 0},
    },
    {
        Value: "iota",
        Type:  "IOTA",
        Start: {5, 18},
        End:   {0, 0},
    },
    {
        Value: "Done",
        Type:  "Identifier",
        Start: {6, 4},
        End:   {0, 0},
    },
    {
        Value: "Pending",
        Type:  "Identifier",
        Start: {7, 7},
        End:   {0, 0},
    },
    {
        Value: "InProgress",
        Type:  "Identifier",
        Start: {8, 10},
        End:   {0, 0},
    },
    {
        Value: ")",
        Type:  "RightParentheses",
        Start: {9, 0},
        End:   {0, 0},
    },
    {
        Value: "type",
        Type:  "Type",
        Start: {11, 3},
        End:   {0, 0},
    },
    {
        Value: "Sex",
        Type:  "Identifier",
        Start: {11, 7},
        End:   {0, 0},
    },
    {
        Value: "string",
        Type:  "StringType",
        Start: {11, 14},
        End:   {0, 0},
    },
    {
        Value: "const",
        Type:  "Const",
        Start: {13, 5},
        End:   {0, 0},
    },
    {
        Value: "(",
        Type:  "LeftParentheses",
        Start: {13, 6},
        End:   {0, 0},
    },
    {
        Value: "Female",
        Type:  "Identifier",
        Start: {14, 6},
        End:   {0, 0},
    },
    {
        Value: "Sex",
        Type:  "Identifier",
        Start: {14, 10},
        End:   {0, 0},
    },
    {
        Value: "=",
        Type:  "Assignment",
        Start: {14, 12},
        End:   {0, 0},
    },
    {
        Value: "female",
        Type:  "StringValue",
        Start: {14, 21},
        End:   {0, 0},
    },
    {
        Value: "Male",
        Type:  "Identifier",
        Start: {15, 4},
        End:   {0, 0},
    },
    {
        Value: "Sex",
        Type:  "Identifier",
        Start: {15, 10},
        End:   {0, 0},
    },
    {
        Value: "=",
        Type:  "Assignment",
        Start: {15, 12},
        End:   {0, 0},
    },
    {
        Value: "male",
        Type:  "StringValue",
        Start: {15, 19},
        End:   {0, 0},
    },
    {
        Value: ")",
        Type:  "RightParentheses",
        Start: {16, 0},
        End:   {0, 0},
    },
    {
        Value: "func Abctext() {\n\t//dadsad\n}\n",
        Type:  "Unknown",
        Start: {18, 0},
        End:   {0, 0},
    },
}
---
