
[TestNormal - 1]
[]token.Token{
    {
        Value: "package",
        Type:  "Package",
        Start: {0, 0},
        End:   {0, 6},
    },
    {
        Value: "some",
        Type:  "Identifier",
        Start: {0, 8},
        End:   {0, 11},
    },
    {
        Value: " hello\n",
        Type:  "LineComment",
        Start: {2, 1},
        End:   {2, 8},
    },
    {
        Value: "type",
        Type:  "Type",
        Start: {3, 0},
        End:   {3, 3},
    },
    {
        Value: "Status",
        Type:  "Identifier",
        Start: {3, 5},
        End:   {3, 10},
    },
    {
        Value: "int",
        Type:  "IntType",
        Start: {3, 12},
        End:   {3, 14},
    },
    {
        Value: "const",
        Type:  "Const",
        Start: {5, 0},
        End:   {5, 5},
    },
    {
        Value: "(",
        Type:  "LeftParentheses",
        Start: {5, 6},
        End:   {5, 6},
    },
    {
        Value: "Todo",
        Type:  "Identifier",
        Start: {6, 1},
        End:   {6, 4},
    },
    {
        Value: "Status",
        Type:  "Identifier",
        Start: {6, 6},
        End:   {6, 11},
    },
    {
        Value: "=",
        Type:  "Assignment",
        Start: {6, 13},
        End:   {6, 13},
    },
    {
        Value: "iota",
        Type:  "IOTA",
        Start: {6, 15},
        End:   {6, 18},
    },
    {
        Value: "Done",
        Type:  "Identifier",
        Start: {7, 1},
        End:   {7, 4},
    },
    {
        Value: "Pending",
        Type:  "Identifier",
        Start: {8, 1},
        End:   {8, 7},
    },
    {
        Value: "InProgress",
        Type:  "Identifier",
        Start: {9, 1},
        End:   {9, 10},
    },
    {
        Value: ")",
        Type:  "RightParentheses",
        Start: {10, 0},
        End:   {10, 0},
    },
    {
        Value: "type",
        Type:  "Type",
        Start: {12, 0},
        End:   {12, 3},
    },
    {
        Value: "Sex",
        Type:  "Identifier",
        Start: {12, 5},
        End:   {12, 7},
    },
    {
        Value: "string",
        Type:  "StringType",
        Start: {12, 9},
        End:   {12, 14},
    },
    {
        Value: "const",
        Type:  "Const",
        Start: {14, 0},
        End:   {14, 5},
    },
    {
        Value: "(",
        Type:  "LeftParentheses",
        Start: {14, 6},
        End:   {14, 6},
    },
    {
        Value: "Female",
        Type:  "Identifier",
        Start: {15, 1},
        End:   {15, 6},
    },
    {
        Value: "Sex",
        Type:  "Identifier",
        Start: {15, 8},
        End:   {15, 10},
    },
    {
        Value: "=",
        Type:  "Assignment",
        Start: {15, 12},
        End:   {15, 12},
    },
    {
        Value: "female",
        Type:  "StringValue",
        Start: {15, 14},
        End:   {15, 21},
    },
    {
        Value: "Male",
        Type:  "Identifier",
        Start: {16, 1},
        End:   {16, 4},
    },
    {
        Value: "Sex",
        Type:  "Identifier",
        Start: {16, 8},
        End:   {16, 10},
    },
    {
        Value: "=",
        Type:  "Assignment",
        Start: {16, 12},
        End:   {16, 12},
    },
    {
        Value: "male",
        Type:  "StringValue",
        Start: {16, 14},
        End:   {16, 19},
    },
    {
        Value: ")",
        Type:  "RightParentheses",
        Start: {17, 0},
        End:   {17, 0},
    },
    {
        Value: "func Abctext() {\n\t//dadsad\n}\n",
        Type:  "Unknown",
        Start: {19, 0},
        End:   {21, 1},
    },
}
---
